******************************************************************************
                  TI ARM Linker Unix v20.2.5                   
******************************************************************************
>> Linked Tue Aug 29 15:16:53 2023

OUTPUT FILE NAME:   <rtosZreo.out>
ENTRY POINT SYMBOL: "_c_int00_noinit_noargs"  address: 000011e1


MEMORY CONFIGURATION

         name            origin    length      used     unused   attr    fill
----------------------  --------  ---------  --------  --------  ----  --------
  FLASH                 00000000   00040000  00001331  0003eccf  R  X
  SRAM                  20000000   00008000  00000200  00007e00  RW X


SEGMENT ALLOCATION MAP

run origin  load origin   length   init length attrs members
----------  ----------- ---------- ----------- ----- -------
00000000    00000000    00001331   00001331    r-x
  00000000    00000000    0000026c   0000026c    r-- .intvecs
  0000026c    0000026c    00000fc4   00000fc4    r-x .text
  00001230    00001230    00000101   00000101    r-- .const
20000000    20000000    00000200   00000000    rw-
  20000000    20000000    00000200   00000000    rw- .stack


SECTION ALLOCATION MAP

 output                                  attributes/
section   page    origin      length       input sections
--------  ----  ----------  ----------   ----------------
.intvecs   0    00000000    0000026c     
                  00000000    0000026c     tm4c123gh6pm_startup_ccs.obj (.intvecs)

.text      0    0000026c    00000fc4     
                  0000026c    000007e4     gpio.obj (.text)
                  00000a50    0000033a     strings.obj (.text)
                  00000d8a    00000002     --HOLE-- [fill = 0]
                  00000d8c    00000188     main.obj (.text)
                  00000f14    0000017c     uart0.obj (.text)
                  00001090    00000104     commands.obj (.text)
                  00001194    0000004c     rtsv7M4_T_le_v4SPD16_eabi.lib : atoi.c.obj (.text:atoi)
                  000011e0    0000002c                                   : boot_cortex_m.c.obj (.text:_c_int00_noinit_noargs:_c_int00_noinit_noargs)
                  0000120c    00000010     clock.obj (.text)
                  0000121c    0000000c     tm4c123gh6pm_startup_ccs.obj (.text)
                  00001228    00000004     rtsv7M4_T_le_v4SPD16_eabi.lib : pre_init.c.obj (.text:_system_pre_init)
                  0000122c    00000004                                   : exit.c.obj (.text:abort:abort)

.const     0    00001230    00000101     
                  00001230    00000101     rtsv7M4_T_le_v4SPD16_eabi.lib : ctype.c.obj (.const:.string:_ctypes_)

.cinit     0    00000000    00000000     UNINITIALIZED

.init_array 
*          0    00000000    00000000     UNINITIALIZED

.stack     0    20000000    00000200     UNINITIALIZED
                  20000000    00000004     rtsv7M4_T_le_v4SPD16_eabi.lib : boot_cortex_m.c.obj (.stack)
                  20000004    000001fc     --HOLE--

__llvm_prf_cnts 
*          0    20000000    00000000     UNINITIALIZED

MODULE SUMMARY

       Module                         code   ro data   rw data
       ------                         ----   -------   -------
    ./
       gpio.obj                       2020   0         0      
       strings.obj                    826    0         0      
       tm4c123gh6pm_startup_ccs.obj   12     620       0      
       main.obj                       392    0         0      
       uart0.obj                      380    0         0      
       commands.obj                   260    0         0      
       clock.obj                      16     0         0      
    +--+------------------------------+------+---------+---------+
       Total:                         3906   620       0      
                                                              
    /home/bhat/ti/ccs1120/ccs/tools/compiler/ti-cgt-arm_20.2.5.LTS/lib/rtsv7M4_T_le_v4SPD16_eabi.lib
       ctype.c.obj                    0      257       0      
       atoi.c.obj                     76     0         0      
       boot_cortex_m.c.obj            44     0         0      
       exit.c.obj                     4      0         0      
       pre_init.c.obj                 4      0         0      
    +--+------------------------------+------+---------+---------+
       Total:                         128    257       0      
                                                              
       Stack:                         0      0         512    
    +--+------------------------------+------+---------+---------+
       Grand Total:                   4034   877       512    


GLOBAL SYMBOLS: SORTED ALPHABETICALLY BY Name 

address   name                         
-------   ----                         
0000122d  C$$EXIT                      
000010b1  Pkill                        
0000121d  ResetISR                     
20000200  __STACK_END                  
00000200  __STACK_SIZE                 
20000200  __STACK_TOP                  
ffffffff  __TI_pprof_out_hndl          
ffffffff  __TI_prof_data_size          
ffffffff  __TI_prof_data_start         
00000000  __TI_static_base__           
ffffffff  __binit__                    
ffffffff  __c_args__                   
UNDEFED   __mpu_init                   
20000000  __stack                      
20000000  __start___llvm_prf_cnts      
20000000  __stop___llvm_prf_cnts       
000011e1  _c_int00_noinit_noargs       
00001230  _ctypes_                     
00001229  _system_pre_init             
00000a51  _toLower                     
0000122d  abort                        
00001195  atoi                         
ffffffff  binit                        
000008c1  clearPinInterrupt            
0000089d  disablePinInterrupt          
000005d5  disablePinPulldown           
0000058d  disablePinPullup             
00000329  disablePort                  
00000879  enablePinInterrupt           
000005b1  enablePinPulldown            
0000055f  enablePinPullup              
0000026d  enablePort                   
00000000  g_pfnVectors                 
00000d2f  getFieldInteger              
00000cff  getFieldString               
00000b39  getInputString               
0000090b  getPinValue                  
000009c1  getPortValue                 
0000101d  getcUart0                    
0000120d  initSystemClockTo40Mhz       
00000f15  initUart0                    
00000d8d  init_TM4C_hardware           
0000109b  ipcs                         
00000d4d  isCommand                    
00000ad1  itoa                         
00001031  kbhitUart0                   
000010a5  kill                         
00000db1  main                         
00000be1  parseInputString             
000010e7  pidof                        
000010bd  preempt                      
00001091  ps                           
00000fd5  putcUart0                    
00000ff1  putsUart0                    
000010f3  run                          
000010cb  sched                        
00000493  selectPinAnalogInput         
00000445  selectPinDigitalInput        
000007af  selectPinInterruptBothEdges  
0000075f  selectPinInterruptFallingEdge
00000805  selectPinInterruptHighLevel  
0000083f  selectPinInterruptLowLevel   
0000070f  selectPinInterruptRisingEdge 
000003f7  selectPinOpenDrainOutput     
000003a9  selectPinPushPullOutput      
000005fd  setPinAuxFunction            
000004e3  setPinCommitControl          
000008e5  setPinValue                  
00000945  setPortValue                 
00000fa9  setUart0BaudRate             
00000b03  strcmp                       
00000a73  toLower                      


GLOBAL SYMBOLS: SORTED BY Symbol Address 

address   name                         
-------   ----                         
00000000  __TI_static_base__           
00000000  g_pfnVectors                 
00000200  __STACK_SIZE                 
0000026d  enablePort                   
00000329  disablePort                  
000003a9  selectPinPushPullOutput      
000003f7  selectPinOpenDrainOutput     
00000445  selectPinDigitalInput        
00000493  selectPinAnalogInput         
000004e3  setPinCommitControl          
0000055f  enablePinPullup              
0000058d  disablePinPullup             
000005b1  enablePinPulldown            
000005d5  disablePinPulldown           
000005fd  setPinAuxFunction            
0000070f  selectPinInterruptRisingEdge 
0000075f  selectPinInterruptFallingEdge
000007af  selectPinInterruptBothEdges  
00000805  selectPinInterruptHighLevel  
0000083f  selectPinInterruptLowLevel   
00000879  enablePinInterrupt           
0000089d  disablePinInterrupt          
000008c1  clearPinInterrupt            
000008e5  setPinValue                  
0000090b  getPinValue                  
00000945  setPortValue                 
000009c1  getPortValue                 
00000a51  _toLower                     
00000a73  toLower                      
00000ad1  itoa                         
00000b03  strcmp                       
00000b39  getInputString               
00000be1  parseInputString             
00000cff  getFieldString               
00000d2f  getFieldInteger              
00000d4d  isCommand                    
00000d8d  init_TM4C_hardware           
00000db1  main                         
00000f15  initUart0                    
00000fa9  setUart0BaudRate             
00000fd5  putcUart0                    
00000ff1  putsUart0                    
0000101d  getcUart0                    
00001031  kbhitUart0                   
00001091  ps                           
0000109b  ipcs                         
000010a5  kill                         
000010b1  Pkill                        
000010bd  preempt                      
000010cb  sched                        
000010e7  pidof                        
000010f3  run                          
00001195  atoi                         
000011e1  _c_int00_noinit_noargs       
0000120d  initSystemClockTo40Mhz       
0000121d  ResetISR                     
00001229  _system_pre_init             
0000122d  C$$EXIT                      
0000122d  abort                        
00001230  _ctypes_                     
20000000  __stack                      
20000000  __start___llvm_prf_cnts      
20000000  __stop___llvm_prf_cnts       
20000200  __STACK_END                  
20000200  __STACK_TOP                  
ffffffff  __TI_pprof_out_hndl          
ffffffff  __TI_prof_data_size          
ffffffff  __TI_prof_data_start         
ffffffff  __binit__                    
ffffffff  __c_args__                   
ffffffff  binit                        
UNDEFED   __mpu_init                   

[72 symbols]
